This is XeTeX, Version 3.141592653-2.6-0.999997 (MiKTeX 25.12) (preloaded format=xelatex 2026.5.24)  24 JUN 2026 00:48
entering extended mode
 restricted \write18 enabled.
 %&-line parsing enabled.
**./titlepage.tex
(titlepage.tex
LaTeX2e <2025-11-01>
L3 programming layer <2025-12-24>

! LaTeX Error: Environment titlepage undefined.

See the LaTeX manual or LaTeX Companion for explanation.
Type  H <return>  for immediate help.
 ...                                              
                                                  
l.4 \begin{titlepage}
                     
Your command was ignored.
Type  I <command> <return>  to replace it with another command,
or  <return>  to continue without it.

! Undefined control sequence.
l.8 {\large
           \bfseries TRƯỜNG ĐẠI HỌC BÁCH KHOA HÀ NỘI\par}
The control sequence at the end of the top line
of your error message was never \def'ed. If you have
misspelled it (e.g., `\hobx'), type `I' and the correct
spelling (e.g., `I\hbox'). Otherwise just continue,
and I'll forget about whatever was undefined.


! LaTeX Error: Missing \begin{document}.

See the LaTeX manual or LaTeX Companion for explanation.
Type  H <return>  for immediate help.
 ...                                              
                                                  
l.8 {\large\bfseries T
                      RƯỜNG ĐẠI HỌC BÁCH KHOA HÀ NỘI\par}
You're in trouble here.  Try typing  <return>  to proceed.
If that doesn't work, type  X <return>  to quit.


Overfull \hbox (52.16pt too wide) in paragraph at lines 8--8
 []\TU/lmr/bx/n/10 TRƯỜNG 
 []


Overfull \hbox (21.55pt too wide) in paragraph at lines 8--8
 \TU/lmr/bx/n/10 ĐẠI 
 []


Overfull \hbox (25.95pt too wide) in paragraph at lines 8--8
 \TU/lmr/bx/n/10 HỌC 
 []


Overfull \hbox (33.86pt too wide) in paragraph at lines 8--8
 \TU/lmr/bx/n/10 BÁCH 
 []


Overfull \hbox (35.02pt too wide) in paragraph at lines 8--8
 \TU/lmr/bx/n/10 KHOA 
 []


Overfull \hbox (17.69pt too wide) in paragraph at lines 8--8
 \TU/lmr/bx/n/10 HÀ 
 []


Overfull \hbox (22.0pt too wide) in paragraph at lines 8--8
 \TU/lmr/bx/n/10 NỘI 
 []


! LaTeX Error: Missing \begin{document}.

See the LaTeX manual or LaTeX Companion for explanation.
Type  H <return>  for immediate help.
 ...                                              
                                                  
l.12 {\fontsize{30}{36}\selectfont\bfseries Đ
                                             Ồ ÁN II\par}
You're in trouble here.  Try typing  <return>  to proceed.
If that doesn't work, type  X <return>  to quit.


Overfull \hbox (51.21pt too wide) in paragraph at lines 12--12
 []\TU/lmr/bx/n/30 ĐỒ 
 []


Overfull \hbox (51.90001pt too wide) in paragraph at lines 12--12
 \TU/lmr/bx/n/30 ÁN 
 []


Overfull \hbox (26.07pt too wide) in paragraph at lines 12--12
 \TU/lmr/bx/n/30 II 
 []

! Undefined control sequence.
l.16 {\large
            \bfseries Nghiên cứu và xây dựng bộ kết xuất đồ họa\\
The control sequence at the end of the top line
of your error message was never \def'ed. If you have
misspelled it (e.g., `\hobx'), type `I' and the correct
spelling (e.g., `I\hbox'). Otherwise just continue,
and I'll forget about whatever was undefined.


! LaTeX Error: Missing \begin{document}.

See the LaTeX manual or LaTeX Companion for explanation.
Type  H <return>  for immediate help.
 ...                                              
                                                  
l.16 {\large\bfseries N
                       ghiên cứu và xây dựng bộ kết xuất đồ họa\\
You're in trouble here.  Try typing  <return>  to proceed.
If that doesn't work, type  X <return>  to quit.


Overfull \hbox (35.99pt too wide) in paragraph at lines 16--16
 []\TU/lmr/bx/n/10 Nghiên 
 []


Overfull \hbox (18.21pt too wide) in paragraph at lines 16--16
 \TU/lmr/bx/n/10 cứu 
 []


Overfull \hbox (11.02pt too wide) in paragraph at lines 16--16
 \TU/lmr/bx/n/10 và 
 []


Overfull \hbox (17.41pt too wide) in paragraph at lines 16--16
 \TU/lmr/bx/n/10 xây 
 []


Overfull \hbox (25.24pt too wide) in paragraph at lines 16--16
 \TU/lmr/bx/n/10 dựng 
 []


Overfull \hbox (12.46pt too wide) in paragraph at lines 16--16
 \TU/lmr/bx/n/10 bộ 
 []


Overfull \hbox (15.49pt too wide) in paragraph at lines 16--16
 \TU/lmr/bx/n/10 kết 
 []


Overfull \hbox (22.52pt too wide) in paragraph at lines 16--16
 \TU/lmr/bx/n/10 xuất 
 []


Overfull \hbox (12.14pt too wide) in paragraph at lines 16--16
 \TU/lmr/bx/n/10 đồ 
 []


Overfull \hbox (17.73pt too wide) in paragraph at lines 16--16
 \TU/lmr/bx/n/10 họa 
 []


! LaTeX Error: Missing \begin{document}.

See the LaTeX manual or LaTeX Companion for explanation.
Type  H <return>  for immediate help.
 ...                                              
                                                  
l.17 P
      ath Tracing thời gian thực tăng tốc bằng CUDA\par}
You're in trouble here.  Try typing  <return>  to proceed.
If that doesn't work, type  X <return>  to quit.


Overfull \hbox (23.99pt too wide) in paragraph at lines 17--17
 []\TU/lmr/bx/n/10 Path 
 []


Overfull \hbox (26.31pt too wide) in paragraph at lines 17--17
 \TU/lmr/bx/n/10 Trac- 
 []


Overfull \hbox (15.33pt too wide) in paragraph at lines 17--17
 \TU/lmr/bx/n/10 ing 
 []


Overfull \hbox (19.8pt too wide) in paragraph at lines 17--17
 \TU/lmr/bx/n/10 thời 
 []


Overfull \hbox (20.92pt too wide) in paragraph at lines 17--17
 \TU/lmr/bx/n/10 gian 
 []


Overfull \hbox (22.68001pt too wide) in paragraph at lines 17--17
 \TU/lmr/bx/n/10 thực 
 []


Overfull \hbox (22.2pt too wide) in paragraph at lines 17--17
 \TU/lmr/bx/n/10 tăng 
 []


Overfull \hbox (15.65pt too wide) in paragraph at lines 17--17
 \TU/lmr/bx/n/10 tốc 
 []


Overfull \hbox (24.12pt too wide) in paragraph at lines 17--17
 \TU/lmr/bx/n/10 bằng 
 []


Overfull \hbox (34.35pt too wide) in paragraph at lines 17--17
 \TU/lmr/bx/n/10 CUDA 
 []

! Undefined control sequence.
l.21 {\large
            \bfseries NGUYỄN XUÂN KHÔI\par}
The control sequence at the end of the top line
of your error message was never \def'ed. If you have
misspelled it (e.g., `\hobx'), type `I' and the correct
spelling (e.g., `I\hbox'). Otherwise just continue,
and I'll forget about whatever was undefined.


! LaTeX Error: Missing \begin{document}.

See the LaTeX manual or LaTeX Companion for explanation.
Type  H <return>  for immediate help.
 ...                                              
                                                  
l.21 {\large\bfseries N
                       GUYỄN XUÂN KHÔI\par}
You're in trouble here.  Try typing  <return>  to proceed.
If that doesn't work, type  X <return>  to quit.


Overfull \hbox (52.14pt too wide) in paragraph at lines 21--21
 []\TU/lmr/bx/n/10 NGUYỄN 
 []


Overfull \hbox (35.23pt too wide) in paragraph at lines 21--21
 \TU/lmr/bx/n/10 XUÂN 
 []


Overfull \hbox (31.01pt too wide) in paragraph at lines 21--21
 \TU/lmr/bx/n/10 KHÔI 
 []


! LaTeX Error: The font size command \normalsize is not defined:
               there is probably something wrong with the class file.

See the LaTeX manual or LaTeX Companion for explanation.
Type  H <return>  for immediate help.
 ...                                              
                                                  
l.22 {\normalsize
                  khoi.nx225022@sis.hust.edu.vn\par}
Your command was ignored.
Type  I <command> <return>  to replace it with another command,
or  <return>  to continue without it.


! LaTeX Error: Missing \begin{document}.

See the LaTeX manual or LaTeX Companion for explanation.
Type  H <return>  for immediate help.
 ...                                              
                                                  
l.22 {\normalsize k
                   hoi.nx225022@sis.hust.edu.vn\par}
You're in trouble here.  Try typing  <return>  to proceed.
If that doesn't work, type  X <return>  to quit.

Missing character: There is no k in font nullfont!
Missing character: There is no h in font nullfont!
Missing character: There is no o in font nullfont!
Missing character: There is no i in font nullfont!
Missing character: There is no . in font nullfont!
Missing character: There is no n in font nullfont!
Missing character: There is no x in font nullfont!
Missing character: There is no 2 in font nullfont!
Missing character: There is no 2 in font nullfont!
Missing character: There is no 5 in font nullfont!
Missing character: There is no 0 in font nullfont!
Missing character: There is no 2 in font nullfont!
Missing character: There is no 2 in font nullfont!
Missing character: There is no @ in font nullfont!
Missing character: There is no s in font nullfont!
Missing character: There is no i in font nullfont!
Missing character: There is no s in font nullfont!
Missing character: There is no . in font nullfont!
Missing character: There is no h in font nullfont!
Missing character: There is no u in font nullfont!
Missing character: There is no s in font nullfont!
Missing character: There is no t in font nullfont!
Missing character: There is no . in font nullfont!
Missing character: There is no e in font nullfont!
Missing character: There is no d in font nullfont!
Missing character: There is no u in font nullfont!
Missing character: There is no . in font nullfont!
Missing character: There is no v in font nullfont!
Missing character: There is no n in font nullfont!

! LaTeX Error: Missing \begin{document}.

See the LaTeX manual or LaTeX Companion for explanation.
Type  H <return>  for immediate help.
 ...                                              
                                                  
l.27 \begin{flushleft}
                      
You're in trouble here.  Try typing  <return>  to proceed.
If that doesn't work, type  X <return>  to quit.

LaTeX Font Info:    External font `cmex10' loaded for size
(Font)              <7> on input line 29.
LaTeX Font Info:    External font `cmex10' loaded for size
(Font)              <5> on input line 29.
Missing character: There is no T in font nullfont!
Missing character: There is no S in font nullfont!
Missing character: There is no . in font nullfont!
Missing character: There is no N in font nullfont!
Missing character: There is no g in font nullfont!
Missing character: There is no ô in font nullfont!
Missing character: There is no T in font nullfont!
Missing character: There is no h in font nullfont!
Missing character: There is no à in font nullfont!
Missing character: There is no n in font nullfont!
Missing character: There is no h in font nullfont!
Missing character: There is no T in font nullfont!
Missing character: There is no r in font nullfont!
Missing character: There is no u in font nullfont!
Missing character: There is no n in font nullfont!
Missing character: There is no g in font nullfont!
Missing character: There is no K in font nullfont!
Missing character: There is no h in font nullfont!
Missing character: There is no o in font nullfont!
Missing character: There is no a in font nullfont!
Missing character: There is no h in font nullfont!
Missing character: There is no ọ in font nullfont!
Missing character: There is no c in font nullfont!
Missing character: There is no m in font nullfont!
Missing character: There is no á in font nullfont!
Missing character: There is no y in font nullfont!
Missing character: There is no t in font nullfont!
Missing character: There is no í in font nullfont!
Missing character: There is no n in font nullfont!
Missing character: There is no h in font nullfont!
Missing character: There is no C in font nullfont!
Missing character: There is no ô in font nullfont!
Missing character: There is no n in font nullfont!
Missing character: There is no g in font nullfont!
Missing character: There is no n in font nullfont!
Missing character: There is no g in font nullfont!
Missing character: There is no h in font nullfont!
Missing character: There is no ệ in font nullfont!
Missing character: There is no T in font nullfont!
Missing character: There is no h in font nullfont!
Missing character: There is no ô in font nullfont!
Missing character: There is no n in font nullfont!
Missing character: There is no g in font nullfont!
Missing character: There is no t in font nullfont!
Missing character: There is no i in font nullfont!
Missing character: There is no n in font nullfont!
Missing character: There is no v in font nullfont!
Missing character: There is no à in font nullfont!
Missing character: There is no T in font nullfont!
Missing character: There is no r in font nullfont!
Missing character: There is no u in font nullfont!
Missing character: There is no y in font nullfont!
Missing character: There is no ề in font nullfont!
Missing character: There is no n in font nullfont!
Missing character: There is no t in font nullfont!
Missing character: There is no h in font nullfont!
Missing character: There is no ô in font nullfont!
Missing character: There is no n in font nullfont!
Missing character: There is no g in font nullfont!

Overfull \hbox (327.20668pt too wide) in paragraph at lines 28--35
[]  
 []


Overfull \hbox (17.69pt too wide) in paragraph at lines 39--39
 []\TU/lmr/bx/n/10 HÀ 
 []


Overfull \hbox (25.19pt too wide) in paragraph at lines 39--39
 \TU/lmr/bx/n/10 NỘI, 
 []


Overfull \hbox (40.25pt too wide) in paragraph at lines 39--39
 \TU/lmr/bx/n/10 06/2026 
 []


! LaTeX Error: \begin{document} ended by \end{titlepage}.

See the LaTeX manual or LaTeX Companion for explanation.
Type  H <return>  for immediate help.
 ...                                              
                                                  
l.42 \end{titlepage}
                    
Your command was ignored.
Type  I <command> <return>  to replace it with another command,
or  <return>  to continue without it.

)
! Emergency stop.
<*> ./titlepage.tex
                   
*** (job aborted, no legal \end found)

 
Here is how much of TeX's memory you used:
 36 strings out of 402987
 838 string characters out of 5452871
 428385 words of memory out of 5000000
 28823 multiletter control sequences out of 15000+600000
 627753 words of font info for 44 fonts, out of 8000000 for 9000
 1348 hyphenation exceptions out of 8191
 19i,9n,22p,133b,239s stack positions out of 10000i,1000n,20000p,200000b,200000s
No pages of output.
